Copyright 1986-2017 Xilinx, Inc. All Rights Reserved.
----------------------------------------------------------------------------------------------
| Tool Version : Vivado v.2017.2 (win64) Build 1909853 Thu Jun 15 18:39:09 MDT 2017
| Date         : Fri Dec 21 12:24:38 2018
| Host         : EECS-TOYODA running 64-bit major release  (build 9200)
| Command      : report_control_sets -verbose -file OSC1_LITE_Control_control_sets_placed.rpt
| Design       : OSC1_LITE_Control
| Device       : xc7a15t
----------------------------------------------------------------------------------------------

Control Set Information

Table of Contents
-----------------
1. Summary
2. Flip-Flop Distribution
3. Detailed Control Set Information

1. Summary
----------

+----------------------------------------------------------+-------+
|                          Status                          | Count |
+----------------------------------------------------------+-------+
| Number of unique control sets                            |    46 |
| Unused register locations in slices containing registers |   152 |
+----------------------------------------------------------+-------+


2. Flip-Flop Distribution
-------------------------

+--------------+-----------------------+------------------------+-----------------+--------------+
| Clock Enable | Synchronous Set/Reset | Asynchronous Set/Reset | Total Registers | Total Slices |
+--------------+-----------------------+------------------------+-----------------+--------------+
| No           | No                    | No                     |             146 |           62 |
| No           | No                    | Yes                    |              33 |           17 |
| No           | Yes                   | No                     |              21 |            8 |
| Yes          | No                    | No                     |             110 |           35 |
| Yes          | No                    | Yes                    |             144 |           34 |
| Yes          | Yes                   | No                     |              74 |           26 |
+--------------+-----------------------+------------------------+-----------------+--------------+


3. Detailed Control Set Information
-----------------------------------

+-----------------+------------------------------------------------------------------------------------------------------------+---------------------------------------------------------------------------------+------------------+----------------+
|   Clock Signal  |                                                Enable Signal                                               |                                 Set/Reset Signal                                | Slice Load Count | Bel Load Count |
+-----------------+------------------------------------------------------------------------------------------------------------+---------------------------------------------------------------------------------+------------------+----------------+
|  okHI/ok1[24]   |                                                                                                            | okHI/core0/core0/a0/cb0/U0/inst_fifo_gen/gconvfifo.rf/grf.rf/rstblk/rst_rd_reg2 |                1 |              1 |
|  okHI/ok1[24]   |                                                                                                            | okHI/core0/core0/a0/cb0/U0/ngwrdrst.grst.g7serrst.wr_rst_reg[2]_i_1_n_0         |                1 |              1 |
|  okHI/ok1[24]   |                                                                                                            | okHI/core0/core0/a0/cb0/U0/inst_fifo_gen/gconvfifo.rf/grf.rf/rstblk/rst_wr_reg2 |                1 |              1 |
|  okHI/ok1[24]   | wi00/ep_datahold[15]_i_1_n_0                                                                               | okHI/core0/core0/lfc9af733ef9b7e7ec2ccb35c062a12d3[25]                          |                1 |              1 |
|  okHI/ok1[24]   | wi02/ep_datahold[15]_i_1_n_0                                                                               | okHI/core0/core0/lfc9af733ef9b7e7ec2ccb35c062a12d3[25]                          |                1 |              1 |
|  okHI/ok1[24]   |                                                                                                            | okHI/core0/core0/a0/cb0/U0/ngwrdrst.grst.g7serrst.rd_rst_reg[2]_i_1_n_0         |                2 |              2 |
|  okHI/ok1[24]   |                                                                                                            | okHI/core0/core0/a0/cb0/U0/RD_RST                                               |                1 |              2 |
|  okHI/ok1[24]   |                                                                                                            | okHI/core0/core0/a0/cb0/U0/inst_fifo_gen/gconvfifo.rf/grf.rf/rstblk/rst_d2      |                1 |              2 |
|  okHI/ok1[24]   | okHI/core0/core0/a0/pc0/CE                                                                                 | okHI/core0/core0/a0/pc0/R                                                       |                1 |              2 |
|  okHI/ok1[24]   | wi01/ep_datahold[15]_i_1_n_0                                                                               | okHI/core0/core0/lfc9af733ef9b7e7ec2ccb35c062a12d3[25]                          |                1 |              2 |
|  okHI/ok1[24]   |                                                                                                            | okHI/core0/core0/a0/lc12c7095b9bc056c60880aeb6055afb1                           |                2 |              3 |
|  okHI/ok1[24]   | okHI/core0/core0/l885bbeb94996347da66a8546671e4990[19]_i_1_n_0                                             |                                                                                 |                1 |              4 |
|  okHI/ok1[24]   | okHI/core0/core0/leeb76b405f165a9b4ab0606f3ea0b3c4[7]_i_2_n_0                                              | okHI/core0/core0/leeb76b405f165a9b4ab0606f3ea0b3c4[7]_i_1_n_0                   |                1 |              4 |
|  okHI/ok1[24]   |                                                                                                            | okHI/core0/core0/ld307737e57d50d07f937891de086bf8e_i_1_n_0                      |                1 |              4 |
|  okHI/ok1[24]   | okHI/core0/core0/FSM_sequential_l8ff940a6bfc33211f22a7ff95e39fe60[3]_i_1_n_0                               |                                                                                 |                2 |              4 |
|  okHI/ok1[24]   | okHI/core0/core0/a0/l90ce46b343647bab4d280b5afc506219                                                      | okHI/core0/core0/a0/lc12c7095b9bc056c60880aeb6055afb1                           |                1 |              4 |
|  okHI/ok1[24]   | okHI/core0/core0/leeb76b405f165a9b4ab0606f3ea0b3c4[3]_i_1_n_0                                              |                                                                                 |                2 |              4 |
|  sclk_OBUF_BUFG |                                                                                                            | wi00/ep_dataout[0]                                                              |                1 |              5 |
|  okHI/ok1[24]   | okHI/core0/core0/FSM_sequential_l6d7b501652de6ba8ba55082874707b2a[4]_i_1_n_0                               | okHI/core0/core0/lab4325c385c0fcaa4cd26acd21308822                              |                3 |              5 |
|  okHI/ok1[24]   |                                                                                                            | okHI/core0/core0/a0/pc0/R                                                       |                3 |              6 |
|  okHI/ok1[24]   | okHI/core0/core0/a0/d0/lfd4ae1d2a2f83cc540ba2af5c1891381                                                   | okHI/core0/core0/lab4325c385c0fcaa4cd26acd21308822                              |                2 |              6 |
|  okHI/ok1[24]   |                                                                                                            | okHI/core0/core0/a0/l62a5479e7989ce7f4d5507c695cc69cf                           |                3 |              7 |
|  okHI/ok1[24]   | okHI/core0/core0/l92ae5a5037b0cc87c9562f3e505d14cf[6]_i_1_n_0                                              |                                                                                 |                2 |              7 |
|  okHI/ok1[24]   |                                                                                                            | okHI/core0/core0/a0/l770e51175fa898662b06f9e3b71c7bff[7]                        |                3 |              8 |
|  okHI/ok1[24]   | okHI/core0/core0/lbe59f904be1e8440c2d6333521aaa29a[7]_i_1_n_0                                              |                                                                                 |                2 |              8 |
|  okHI/ok1[24]   | okHI/core0/core0/l885bbeb94996347da66a8546671e4990[7]_i_1_n_0                                              |                                                                                 |                1 |              8 |
|  okHI/ok1[24]   | okHI/core0/core0/l885bbeb94996347da66a8546671e4990[15]_i_1_n_0                                             |                                                                                 |                1 |              8 |
|  okHI/ok1[24]   | okHI/core0/core0/l9f43dc9d3787a4c1395542a254aee157[7]_i_1_n_0                                              |                                                                                 |                4 |              8 |
|  okHI/ok1[24]   | okHI/core0/core0/a0/l37dbd1aafb403530c46407234a8f7286                                                      |                                                                                 |                1 |              8 |
|  okHI/ok1[24]   | okHI/core0/core0/le4c4532ac06490aa5cc2f8d669975cdc[10]_i_1_n_0                                             |                                                                                 |                3 |             11 |
|  okHI/ok1[24]   | okHI/core0/core0/l18905be285ee66e0e6fb566993b0399b                                                         | okHI/core0/core0/lab4325c385c0fcaa4cd26acd21308822                              |                6 |             11 |
|  okHI/ok1[24]   |                                                                                                            | okHI/core0/core0/lab4325c385c0fcaa4cd26acd21308822                              |                5 |             12 |
|  okHI/ok1[24]   | okHI/core0/core0/a0/cb0/U0/inst_fifo_gen/gconvfifo.rf/grf.rf/p_7_out                                       | okHI/core0/core0/a0/cb0/U0/inst_fifo_gen/gconvfifo.rf/grf.rf/rd_rst_i           |                2 |             12 |
|  okHI/ok1[24]   | okHI/core0/core0/a0/cb0/U0/inst_fifo_gen/gconvfifo.rf/grf.rf/gntv_or_sync_fifo.gl0.wr/ram_wr_en_into_logic | okHI/core0/core0/a0/cb0/U0/wr_rst_reg                                           |                3 |             12 |
|  okHI/ok1[24]   | okHI/core0/core0/a0/pc0/I3                                                                                 | okHI/core0/core0/a0/pc0/R                                                       |                3 |             12 |
|  okHI/ok1[24]   | wi03/ep_datahold[15]_i_1_n_0                                                                               | okHI/core0/core0/lfc9af733ef9b7e7ec2ccb35c062a12d3[25]                          |                3 |             16 |
|  okHI/ok1[24]   | okHI/core0/core0/a0/pc0/spm_enable_flop_n_0                                                                |                                                                                 |                4 |             16 |
|  okHI/ok1[24]   | okHI/core0/core0/lab8c81cec3709c0416d0acf79f37f087[15]_i_1_n_0                                             |                                                                                 |                4 |             16 |
|  okHI/ok1[24]   | okHI/core0/core0/a0/pc0/I3                                                                                 |                                                                                 |                2 |             16 |
|  okHI/ok1[24]   | okHI/core0/core0/a0/pc0/WE                                                                                 |                                                                                 |                2 |             16 |
|  okHI/ok1[24]   | okHI/core0/core0/lfc9af733ef9b7e7ec2ccb35c062a12d3[28]                                                     | okHI/core0/core0/lfc9af733ef9b7e7ec2ccb35c062a12d3[25]                          |                6 |             20 |
|  okHI/ok1[24]   | okHI/core0/core0/l4f8cd1ab062f5571ff66db47e3d281bf[19]_i_1_n_0                                             | okHI/core0/core0/a0/lc12c7095b9bc056c60880aeb6055afb1                           |                4 |             21 |
|  okHI/ok1[24]   | okHI/core0/core0/l84a7b0e1b51dfdd46f041d49e77ce017[23]_i_1_n_0                                             |                                                                                 |               12 |             24 |
|  okHI/ok1[24]   | okHI/core0/core0/l0c94b19b36beba84283b1c1a65aa73f3[0]_i_1_n_0                                              | okHI/core0/core0/a0/lc12c7095b9bc056c60880aeb6055afb1                           |                8 |             32 |
|  okHI/ok1[24]   | okHI/core0/core0/a0/d0/le5e2e6110dd7478b8ed0143f21b04d30                                                   | okHI/core0/core0/lab4325c385c0fcaa4cd26acd21308822                              |               14 |             57 |
|  okHI/ok1[24]   |                                                                                                            |                                                                                 |               62 |            146 |
+-----------------+------------------------------------------------------------------------------------------------------------+---------------------------------------------------------------------------------+------------------+----------------+


+--------+-----------------------+
| Fanout | Number of ControlSets |
+--------+-----------------------+
| 1      |                     5 |
| 2      |                     5 |
| 3      |                     1 |
| 4      |                     6 |
| 5      |                     2 |
| 6      |                     2 |
| 7      |                     2 |
| 8      |                     6 |
| 11     |                     2 |
| 12     |                     4 |
| 16+    |                    11 |
+--------+-----------------------+


